../Core/driver/lcd/lcd.c:13:6:LCD_CmdMode	4	static
../Core/driver/lcd/lcd.c:18:6:LCD_DataMode	4	static
../Core/driver/lcd/lcd.c:23:6:LCD_WriteMode	4	static
../Core/driver/lcd/lcd.c:28:6:LCD_SendData	24	static
../Core/driver/lcd/lcd.c:34:6:LCD_E_High	8	static
../Core/driver/lcd/lcd.c:40:6:LCD_E_Low	8	static
../Core/driver/lcd/lcd.c:46:6:LCD_WriteNibble	16	static
../Core/driver/lcd/lcd.c:54:6:LCD_WriteByte	16	static
../Core/driver/lcd/lcd.c:61:6:LCD_WriteCmdData	16	static
../Core/driver/lcd/lcd.c:68:6:LCD_WriteCharData	16	static
../Core/driver/lcd/lcd.c:75:6:LCD_BackLightOn	8	static
../Core/driver/lcd/lcd.c:81:6:LCD_BackLightOff	8	static
../Core/driver/lcd/lcd.c:87:6:LCD_Init	16	static
../Core/driver/lcd/lcd.c:108:6:LCD_gotoXY	24	static
../Core/driver/lcd/lcd.c:118:6:LCD_WriteString	24	static
../Core/driver/lcd/lcd.c:125:6:LCD_WriteStringXY	16	static
